// Jest Snapshot v1, https://goo.gl/fbAQLP

exports[` 1`] = `
<div>
  <header
    className="sc-gzVnrw bqVaYH"
  >
    <div
      className="sc-iwsKbI kyHgzo"
    >
      <div
        className="sc-bdVaJa gIiqmQ"
        size="40px"
        speed="1s"
      >
        <div
          className="sc-htpNat clgwjH"
          size="40px"
          speed="1s"
        />
        <div
          className="sc-bxivhb eQpKdK"
          size="40px"
          speed="1s"
        />
        <div
          className="sc-ifAKCX iANHpo"
          size="40px"
          speed="1s"
        />
        <div
          className="sc-EHOje jdOGVq"
          size="40px"
          speed="1s"
        />
        <div
          className="sc-bZQynM cdUyyU"
          size="40px"
          speed="1s"
        />
      </div>
    </div>
    <div>
      <span
        className="sc-htoDjs cWVcuN"
      >
        Unfold 
        <strong
          className="sc-dnqmqq jncSXX"
        >
          ideas
        </strong>
      </span>
    </div>
  </header>
</div>
`;
